D:/YandexDisk/Projects/STM32/BluePill_Agony_3/INC/CMSIS/CORE/core_cm3.h:1511:22:void __NVIC_EnableIRQ(IRQn_Type)	16	static
c:\st\stm32cubeide_1.10.1\stm32cubeide\plugins\com.st.stm32cube.ide.mcu.externaltools.gnu-tools-for-stm32.10.3-2021.10.win32_1.0.0.202111181127\tools\arm-none-eabi\include\c++\10.3.1\new:174:33:void* operator new(std::size_t, void*)	16	static
c:\st\stm32cubeide_1.10.1\stm32cubeide\plugins\com.st.stm32cube.ide.mcu.externaltools.gnu-tools-for-stm32.10.3-2021.10.win32_1.0.0.202111181127\tools\arm-none-eabi\include\c++\10.3.1\bits\stl_list.h:109:7:std::__detail::_List_node_header::_List_node_header()	16	static
c:\st\stm32cubeide_1.10.1\stm32cubeide\plugins\com.st.stm32cube.ide.mcu.externaltools.gnu-tools-for-stm32.10.3-2021.10.win32_1.0.0.202111181127\tools\arm-none-eabi\include\c++\10.3.1\bits\stl_list.h:149:7:void std::__detail::_List_node_header::_M_init()	16	static
D:/YandexDisk/Projects/STM32/BluePill_Agony_3/MY FUNCTIONS/!!!CONFIG.hpp:22:2:ADC_dump_struct::ADC_dump_struct()	16	static
c:\st\stm32cubeide_1.10.1\stm32cubeide\plugins\com.st.stm32cube.ide.mcu.externaltools.gnu-tools-for-stm32.10.3-2021.10.win32_1.0.0.202111181127\tools\arm-none-eabi\include\c++\10.3.1\bits\stl_list.h:827:7:std::__cxx11::list<_Tp, _Alloc>::~list() [with _Tp = int; _Alloc = std::allocator<int>]	16	static
../Src/main.cpp:31:17:void SysTick_Handler()	8	static
../Src/main.cpp:44:17:void ADC1_2_IRQHandler()	4	static
../Src/main.cpp:49:17:void DMA1_Channel1_IRQHandler()	4	static
../Src/main.cpp:72:17:void TIM2_IRQHandler()	4	static
../Src/main.cpp:82:5:int main()	8	static
c:\st\stm32cubeide_1.10.1\stm32cubeide\plugins\com.st.stm32cube.ide.mcu.externaltools.gnu-tools-for-stm32.10.3-2021.10.win32_1.0.0.202111181127\tools\arm-none-eabi\include\c++\10.3.1\bits\allocator.h:164:7:std::allocator< <template-parameter-1-1> >::allocator() [with _Tp = int]	16	static
c:\st\stm32cubeide_1.10.1\stm32cubeide\plugins\com.st.stm32cube.ide.mcu.externaltools.gnu-tools-for-stm32.10.3-2021.10.win32_1.0.0.202111181127\tools\arm-none-eabi\include\c++\10.3.1\bits\allocator.h:182:7:std::allocator< <template-parameter-1-1> >::~allocator() [with _Tp = int]	16	static
c:\st\stm32cubeide_1.10.1\stm32cubeide\plugins\com.st.stm32cube.ide.mcu.externaltools.gnu-tools-for-stm32.10.3-2021.10.win32_1.0.0.202111181127\tools\arm-none-eabi\include\c++\10.3.1\bits\stl_list.h:758:7:std::__cxx11::list<_Tp, _Alloc>::list(std::initializer_list<_Tp>, const allocator_type&) [with _Tp = int; _Alloc = std::allocator<int>]	40	static
c:\st\stm32cubeide_1.10.1\stm32cubeide\plugins\com.st.stm32cube.ide.mcu.externaltools.gnu-tools-for-stm32.10.3-2021.10.win32_1.0.0.202111181127\tools\arm-none-eabi\include\c++\10.3.1\bits\stl_list.h:374:14:std::__cxx11::_List_base<int, std::allocator<int> >::_List_impl::~_List_impl()	16	static
c:\st\stm32cubeide_1.10.1\stm32cubeide\plugins\com.st.stm32cube.ide.mcu.externaltools.gnu-tools-for-stm32.10.3-2021.10.win32_1.0.0.202111181127\tools\arm-none-eabi\include\c++\10.3.1\bits\stl_list.h:498:7:std::__cxx11::_List_base<_Tp, _Alloc>::~_List_base() [with _Tp = int; _Alloc = std::allocator<int>]	16	static
c:\st\stm32cubeide_1.10.1\stm32cubeide\plugins\com.st.stm32cube.ide.mcu.externaltools.gnu-tools-for-stm32.10.3-2021.10.win32_1.0.0.202111181127\tools\arm-none-eabi\include\c++\10.3.1\ext\new_allocator.h:79:7:__gnu_cxx::new_allocator<_Tp>::new_allocator() [with _Tp = int]	16	static
c:\st\stm32cubeide_1.10.1\stm32cubeide\plugins\com.st.stm32cube.ide.mcu.externaltools.gnu-tools-for-stm32.10.3-2021.10.win32_1.0.0.202111181127\tools\arm-none-eabi\include\c++\10.3.1\ext\new_allocator.h:89:7:__gnu_cxx::new_allocator<_Tp>::~new_allocator() [with _Tp = int]	16	static
c:\st\stm32cubeide_1.10.1\stm32cubeide\plugins\com.st.stm32cube.ide.mcu.externaltools.gnu-tools-for-stm32.10.3-2021.10.win32_1.0.0.202111181127\tools\arm-none-eabi\include\c++\10.3.1\bits\allocator.h:177:2:std::allocator< <template-parameter-1-1> >::allocator(const std::allocator<_Tp1>&) [with _Tp1 = int; _Tp = std::_List_node<int>]	16	static
c:\st\stm32cubeide_1.10.1\stm32cubeide\plugins\com.st.stm32cube.ide.mcu.externaltools.gnu-tools-for-stm32.10.3-2021.10.win32_1.0.0.202111181127\tools\arm-none-eabi\include\c++\10.3.1\bits\allocator.h:182:7:std::allocator< <template-parameter-1-1> >::~allocator() [with _Tp = std::_List_node<int>]	16	static
c:\st\stm32cubeide_1.10.1\stm32cubeide\plugins\com.st.stm32cube.ide.mcu.externaltools.gnu-tools-for-stm32.10.3-2021.10.win32_1.0.0.202111181127\tools\arm-none-eabi\include\c++\10.3.1\bits\stl_list.h:488:7:std::__cxx11::_List_base<_Tp, _Alloc>::_List_base(std::__cxx11::_List_base<_Tp, _Alloc>::_Node_alloc_type&&) [with _Tp = int; _Alloc = std::allocator<int>]	24	static
c:\st\stm32cubeide_1.10.1\stm32cubeide\plugins\com.st.stm32cube.ide.mcu.externaltools.gnu-tools-for-stm32.10.3-2021.10.win32_1.0.0.202111181127\tools\arm-none-eabi\include\c++\10.3.1\initializer_list:75:7:constexpr const _E* std::initializer_list<_E>::begin() const [with _E = int]	16	static
c:\st\stm32cubeide_1.10.1\stm32cubeide\plugins\com.st.stm32cube.ide.mcu.externaltools.gnu-tools-for-stm32.10.3-2021.10.win32_1.0.0.202111181127\tools\arm-none-eabi\include\c++\10.3.1\initializer_list:79:7:constexpr const _E* std::initializer_list<_E>::end() const [with _E = int]	24	static
c:\st\stm32cubeide_1.10.1\stm32cubeide\plugins\com.st.stm32cube.ide.mcu.externaltools.gnu-tools-for-stm32.10.3-2021.10.win32_1.0.0.202111181127\tools\arm-none-eabi\include\c++\10.3.1\bits\stl_list.h:1835:2:void std::__cxx11::list<_Tp, _Alloc>::_M_initialize_dispatch(_InputIterator, _InputIterator, std::__false_type) [with _InputIterator = const int*; _Tp = int; _Alloc = std::allocator<int>]	24	static
c:\st\stm32cubeide_1.10.1\stm32cubeide\plugins\com.st.stm32cube.ide.mcu.externaltools.gnu-tools-for-stm32.10.3-2021.10.win32_1.0.0.202111181127\tools\arm-none-eabi\include\c++\10.3.1\bits\list.tcc:66:5:void std::__cxx11::_List_base<_Tp, _Alloc>::_M_clear() [with _Tp = int; _Alloc = std::allocator<int>]	32	static
c:\st\stm32cubeide_1.10.1\stm32cubeide\plugins\com.st.stm32cube.ide.mcu.externaltools.gnu-tools-for-stm32.10.3-2021.10.win32_1.0.0.202111181127\tools\arm-none-eabi\include\c++\10.3.1\ext\new_allocator.h:79:7:__gnu_cxx::new_allocator<_Tp>::new_allocator() [with _Tp = std::_List_node<int>]	16	static
c:\st\stm32cubeide_1.10.1\stm32cubeide\plugins\com.st.stm32cube.ide.mcu.externaltools.gnu-tools-for-stm32.10.3-2021.10.win32_1.0.0.202111181127\tools\arm-none-eabi\include\c++\10.3.1\ext\new_allocator.h:89:7:__gnu_cxx::new_allocator<_Tp>::~new_allocator() [with _Tp = std::_List_node<int>]	16	static
c:\st\stm32cubeide_1.10.1\stm32cubeide\plugins\com.st.stm32cube.ide.mcu.externaltools.gnu-tools-for-stm32.10.3-2021.10.win32_1.0.0.202111181127\tools\arm-none-eabi\include\c++\10.3.1\bits\move.h:101:5:constexpr typename std::remove_reference<_Tp>::type&& std::move(_Tp&&) [with _Tp = std::allocator<std::_List_node<int> >&]	16	static
c:\st\stm32cubeide_1.10.1\stm32cubeide\plugins\com.st.stm32cube.ide.mcu.externaltools.gnu-tools-for-stm32.10.3-2021.10.win32_1.0.0.202111181127\tools\arm-none-eabi\include\c++\10.3.1\bits\stl_list.h:395:2:std::__cxx11::_List_base<_Tp, _Alloc>::_List_impl::_List_impl(std::__cxx11::_List_base<_Tp, _Alloc>::_Node_alloc_type&&) [with _Tp = int; _Alloc = std::allocator<int>]	16	static
c:\st\stm32cubeide_1.10.1\stm32cubeide\plugins\com.st.stm32cube.ide.mcu.externaltools.gnu-tools-for-stm32.10.3-2021.10.win32_1.0.0.202111181127\tools\arm-none-eabi\include\c++\10.3.1\initializer_list:71:7:constexpr std::initializer_list<_E>::size_type std::initializer_list<_E>::size() const [with _E = int]	16	static
c:\st\stm32cubeide_1.10.1\stm32cubeide\plugins\com.st.stm32cube.ide.mcu.externaltools.gnu-tools-for-stm32.10.3-2021.10.win32_1.0.0.202111181127\tools\arm-none-eabi\include\c++\10.3.1\bits\stl_list.h:1225:2:) [with _Args = {const int&}; _Tp = int; _Alloc = std::allocator<int>]	24	static
c:\st\stm32cubeide_1.10.1\stm32cubeide\plugins\com.st.stm32cube.ide.mcu.externaltools.gnu-tools-for-stm32.10.3-2021.10.win32_1.0.0.202111181127\tools\arm-none-eabi\include\c++\10.3.1\bits\stl_list.h:170:18:_Tp* std::_List_node<_Tp>::_M_valptr() [with _Tp = int]	16	static
c:\st\stm32cubeide_1.10.1\stm32cubeide\plugins\com.st.stm32cube.ide.mcu.externaltools.gnu-tools-for-stm32.10.3-2021.10.win32_1.0.0.202111181127\tools\arm-none-eabi\include\c++\10.3.1\bits\stl_list.h:452:7:std::__cxx11::_List_base<_Tp, _Alloc>::_Node_alloc_type& std::__cxx11::_List_base<_Tp, _Alloc>::_M_get_Node_allocator() [with _Tp = int; _Alloc = std::allocator<int>]	16	static
c:\st\stm32cubeide_1.10.1\stm32cubeide\plugins\com.st.stm32cube.ide.mcu.externaltools.gnu-tools-for-stm32.10.3-2021.10.win32_1.0.0.202111181127\tools\arm-none-eabi\include\c++\10.3.1\bits\alloc_traits.h:527:2:static void std::allocator_traits<std::allocator<_Tp1> >::destroy(std::allocator_traits<std::allocator<_Tp1> >::allocator_type&, _Up*) [with _Up = int; _Tp = std::_List_node<int>]	16	static
c:\st\stm32cubeide_1.10.1\stm32cubeide\plugins\com.st.stm32cube.ide.mcu.externaltools.gnu-tools-for-stm32.10.3-2021.10.win32_1.0.0.202111181127\tools\arm-none-eabi\include\c++\10.3.1\bits\stl_list.h:445:7:void std::__cxx11::_List_base<_Tp, _Alloc>::_M_put_node(typename std::__cxx11::_List_base<_Tp, _Alloc>::_Node_alloc_traits::pointer) [with _Tp = int; _Alloc = std::allocator<int>]	16	static
c:\st\stm32cubeide_1.10.1\stm32cubeide\plugins\com.st.stm32cube.ide.mcu.externaltools.gnu-tools-for-stm32.10.3-2021.10.win32_1.0.0.202111181127\tools\arm-none-eabi\include\c++\10.3.1\bits\allocator.h:167:7:std::allocator< <template-parameter-1-1> >::allocator(const std::allocator< <template-parameter-1-1> >&) [with _Tp = std::_List_node<int>]	16	static
c:\st\stm32cubeide_1.10.1\stm32cubeide\plugins\com.st.stm32cube.ide.mcu.externaltools.gnu-tools-for-stm32.10.3-2021.10.win32_1.0.0.202111181127\tools\arm-none-eabi\include\c++\10.3.1\bits\stl_list.h:963:7:std::__cxx11::list<_Tp, _Alloc>::iterator std::__cxx11::list<_Tp, _Alloc>::end() [with _Tp = int; _Alloc = std::allocator<int>]	24	static
c:\st\stm32cubeide_1.10.1\stm32cubeide\plugins\com.st.stm32cube.ide.mcu.externaltools.gnu-tools-for-stm32.10.3-2021.10.win32_1.0.0.202111181127\tools\arm-none-eabi\include\c++\10.3.1\bits\move.h:76:5:constexpr _Tp&& std::forward(typename std::remove_reference<_Tp>::type&) [with _Tp = const int&]	16	static
c:\st\stm32cubeide_1.10.1\stm32cubeide\plugins\com.st.stm32cube.ide.mcu.externaltools.gnu-tools-for-stm32.10.3-2021.10.win32_1.0.0.202111181127\tools\arm-none-eabi\include\c++\10.3.1\bits\stl_list.h:1909:8:) [with _Args = {const int&}; _Tp = int; _Alloc = std::allocator<int>]	32	static
c:\st\stm32cubeide_1.10.1\stm32cubeide\plugins\com.st.stm32cube.ide.mcu.externaltools.gnu-tools-for-stm32.10.3-2021.10.win32_1.0.0.202111181127\tools\arm-none-eabi\include\c++\10.3.1\bits\stl_list.h:1130:7:std::__cxx11::list<_Tp, _Alloc>::reference std::__cxx11::list<_Tp, _Alloc>::back() [with _Tp = int; _Alloc = std::allocator<int>]	24	static
c:\st\stm32cubeide_1.10.1\stm32cubeide\plugins\com.st.stm32cube.ide.mcu.externaltools.gnu-tools-for-stm32.10.3-2021.10.win32_1.0.0.202111181127\tools\arm-none-eabi\include\c++\10.3.1\ext\aligned_buffer.h:72:7:_Tp* __gnu_cxx::__aligned_membuf<_Tp>::_M_ptr() [with _Tp = int]	16	static
c:\st\stm32cubeide_1.10.1\stm32cubeide\plugins\com.st.stm32cube.ide.mcu.externaltools.gnu-tools-for-stm32.10.3-2021.10.win32_1.0.0.202111181127\tools\arm-none-eabi\include\c++\10.3.1\ext\new_allocator.h:160:2:void __gnu_cxx::new_allocator<_Tp>::destroy(_Up*) [with _Up = int; _Tp = std::_List_node<int>]	16	static
c:\st\stm32cubeide_1.10.1\stm32cubeide\plugins\com.st.stm32cube.ide.mcu.externaltools.gnu-tools-for-stm32.10.3-2021.10.win32_1.0.0.202111181127\tools\arm-none-eabi\include\c++\10.3.1\bits\alloc_traits.h:491:7:static void std::allocator_traits<std::allocator<_Tp1> >::deallocate(std::allocator_traits<std::allocator<_Tp1> >::allocator_type&, std::allocator_traits<std::allocator<_Tp1> >::pointer, std::allocator_traits<std::allocator<_Tp1> >::size_type) [with _Tp = std::_List_node<int>]	24	static
c:\st\stm32cubeide_1.10.1\stm32cubeide\plugins\com.st.stm32cube.ide.mcu.externaltools.gnu-tools-for-stm32.10.3-2021.10.win32_1.0.0.202111181127\tools\arm-none-eabi\include\c++\10.3.1\ext\new_allocator.h:82:7:__gnu_cxx::new_allocator<_Tp>::new_allocator(const __gnu_cxx::new_allocator<_Tp>&) [with _Tp = std::_List_node<int>]	16	static
c:\st\stm32cubeide_1.10.1\stm32cubeide\plugins\com.st.stm32cube.ide.mcu.externaltools.gnu-tools-for-stm32.10.3-2021.10.win32_1.0.0.202111181127\tools\arm-none-eabi\include\c++\10.3.1\bits\stl_list.h:200:7:std::_List_iterator< <template-parameter-1-1> >::_List_iterator(std::__detail::_List_node_base*) [with _Tp = int]	16	static
c:\st\stm32cubeide_1.10.1\stm32cubeide\plugins\com.st.stm32cube.ide.mcu.externaltools.gnu-tools-for-stm32.10.3-2021.10.win32_1.0.0.202111181127\tools\arm-none-eabi\include\c++\10.3.1\bits\stl_list.h:632:2:) [with _Args = {const int&}; _Tp = int; _Alloc = std::allocator<int>]	40	static
c:\st\stm32cubeide_1.10.1\stm32cubeide\plugins\com.st.stm32cube.ide.mcu.externaltools.gnu-tools-for-stm32.10.3-2021.10.win32_1.0.0.202111181127\tools\arm-none-eabi\include\c++\10.3.1\bits\stl_list.h:408:12:void std::__cxx11::_List_base<_Tp, _Alloc>::_M_inc_size(std::size_t) [with _Tp = int; _Alloc = std::allocator<int>]	16	static
c:\st\stm32cubeide_1.10.1\stm32cubeide\plugins\com.st.stm32cube.ide.mcu.externaltools.gnu-tools-for-stm32.10.3-2021.10.win32_1.0.0.202111181127\tools\arm-none-eabi\include\c++\10.3.1\bits\stl_list.h:232:7:std::_List_iterator< <template-parameter-1-1> >::_Self& std::_List_iterator< <template-parameter-1-1> >::operator--() [with _Tp = int]	16	static
c:\st\stm32cubeide_1.10.1\stm32cubeide\plugins\com.st.stm32cube.ide.mcu.externaltools.gnu-tools-for-stm32.10.3-2021.10.win32_1.0.0.202111181127\tools\arm-none-eabi\include\c++\10.3.1\bits\stl_list.h:209:7:_Tp& std::_List_iterator< <template-parameter-1-1> >::operator*() const [with _Tp = int]	16	static
c:\st\stm32cubeide_1.10.1\stm32cubeide\plugins\com.st.stm32cube.ide.mcu.externaltools.gnu-tools-for-stm32.10.3-2021.10.win32_1.0.0.202111181127\tools\arm-none-eabi\include\c++\10.3.1\ext\aligned_buffer.h:64:7:void* __gnu_cxx::__aligned_membuf<_Tp>::_M_addr() [with _Tp = int]	16	static
c:\st\stm32cubeide_1.10.1\stm32cubeide\plugins\com.st.stm32cube.ide.mcu.externaltools.gnu-tools-for-stm32.10.3-2021.10.win32_1.0.0.202111181127\tools\arm-none-eabi\include\c++\10.3.1\ext\new_allocator.h:126:7:void __gnu_cxx::new_allocator<_Tp>::deallocate(_Tp*, __gnu_cxx::new_allocator<_Tp>::size_type) [with _Tp = std::_List_node<int>]	24	static
c:\st\stm32cubeide_1.10.1\stm32cubeide\plugins\com.st.stm32cube.ide.mcu.externaltools.gnu-tools-for-stm32.10.3-2021.10.win32_1.0.0.202111181127\tools\arm-none-eabi\include\c++\10.3.1\bits\stl_list.h:441:7:typename std::__cxx11::_List_base<_Tp, _Alloc>::_Node_alloc_traits::pointer std::__cxx11::_List_base<_Tp, _Alloc>::_M_get_node() [with _Tp = int; _Alloc = std::allocator<int>]	16	static
c:\st\stm32cubeide_1.10.1\stm32cubeide\plugins\com.st.stm32cube.ide.mcu.externaltools.gnu-tools-for-stm32.10.3-2021.10.win32_1.0.0.202111181127\tools\arm-none-eabi\include\c++\10.3.1\bits\allocated_ptr.h:52:7:std::__allocated_ptr<_Alloc>::__allocated_ptr(_Alloc&, std::__allocated_ptr<_Alloc>::pointer) [with _Alloc = std::allocator<std::_List_node<int> >]	24	static
c:\st\stm32cubeide_1.10.1\stm32cubeide\plugins\com.st.stm32cube.ide.mcu.externaltools.gnu-tools-for-stm32.10.3-2021.10.win32_1.0.0.202111181127\tools\arm-none-eabi\include\c++\10.3.1\bits\allocated_ptr.h:70:7:std::__allocated_ptr<_Alloc>::~__allocated_ptr() [with _Alloc = std::allocator<std::_List_node<int> >]	16	static
c:\st\stm32cubeide_1.10.1\stm32cubeide\plugins\com.st.stm32cube.ide.mcu.externaltools.gnu-tools-for-stm32.10.3-2021.10.win32_1.0.0.202111181127\tools\arm-none-eabi\include\c++\10.3.1\bits\alloc_traits.h:507:2:) [with _Up = int; _Args = {const int&}; _Tp = std::_List_node<int>]	24	static
c:\st\stm32cubeide_1.10.1\stm32cubeide\plugins\com.st.stm32cube.ide.mcu.externaltools.gnu-tools-for-stm32.10.3-2021.10.win32_1.0.0.202111181127\tools\arm-none-eabi\include\c++\10.3.1\bits\allocated_ptr.h:78:7:std::__allocated_ptr<_Alloc>& std::__allocated_ptr<_Alloc>::operator=(std::nullptr_t) [with _Alloc = std::allocator<std::_List_node<int> >]	16	static
c:\st\stm32cubeide_1.10.1\stm32cubeide\plugins\com.st.stm32cube.ide.mcu.externaltools.gnu-tools-for-stm32.10.3-2021.10.win32_1.0.0.202111181127\tools\arm-none-eabi\include\c++\10.3.1\bits\alloc_traits.h:459:7:static _Tp* std::allocator_traits<std::allocator<_Tp1> >::allocate(std::allocator_traits<std::allocator<_Tp1> >::allocator_type&, std::allocator_traits<std::allocator<_Tp1> >::size_type) [with _Tp = std::_List_node<int>]	16	static
c:\st\stm32cubeide_1.10.1\stm32cubeide\plugins\com.st.stm32cube.ide.mcu.externaltools.gnu-tools-for-stm32.10.3-2021.10.win32_1.0.0.202111181127\tools\arm-none-eabi\include\c++\10.3.1\bits\move.h:49:5:constexpr _Tp* std::__addressof(_Tp&) [with _Tp = std::allocator<std::_List_node<int> >]	16	static
c:\st\stm32cubeide_1.10.1\stm32cubeide\plugins\com.st.stm32cube.ide.mcu.externaltools.gnu-tools-for-stm32.10.3-2021.10.win32_1.0.0.202111181127\tools\arm-none-eabi\include\c++\10.3.1\ext\new_allocator.h:154:2:) [with _Up = int; _Args = {const int&}; _Tp = std::_List_node<int>]	32	static
c:\st\stm32cubeide_1.10.1\stm32cubeide\plugins\com.st.stm32cube.ide.mcu.externaltools.gnu-tools-for-stm32.10.3-2021.10.win32_1.0.0.202111181127\tools\arm-none-eabi\include\c++\10.3.1\ext\new_allocator.h:103:7:_Tp* __gnu_cxx::new_allocator<_Tp>::allocate(__gnu_cxx::new_allocator<_Tp>::size_type, const void*) [with _Tp = std::_List_node<int>]	24	static
c:\st\stm32cubeide_1.10.1\stm32cubeide\plugins\com.st.stm32cube.ide.mcu.externaltools.gnu-tools-for-stm32.10.3-2021.10.win32_1.0.0.202111181127\tools\arm-none-eabi\include\c++\10.3.1\ext\new_allocator.h:191:7:constexpr __gnu_cxx::new_allocator<_Tp>::size_type __gnu_cxx::new_allocator<_Tp>::_M_max_size() const [with _Tp = std::_List_node<int>]	16	static
c:\st\stm32cubeide_1.10.1\stm32cubeide\plugins\com.st.stm32cube.ide.mcu.externaltools.gnu-tools-for-stm32.10.3-2021.10.win32_1.0.0.202111181127\tools\arm-none-eabi\include\c++\10.3.1\bits\stl_map.h:302:7:std::map<_Key, _Tp, _Compare, _Alloc>::~map() [with _Key = int; _Tp = Delay::delay_details_t; _Compare = std::less<int>; _Alloc = std::allocator<std::pair<const int, Delay::delay_details_t> >]	16	static
D:/YandexDisk/Projects/STM32/BluePill_Agony_3/MY FUNCTIONS/DELAY.hpp:15:7:Delay::~Delay()	16	static
../Src/main.cpp:121:1:void __static_initialization_and_destruction_0(int, int)	56	static
c:\st\stm32cubeide_1.10.1\stm32cubeide\plugins\com.st.stm32cube.ide.mcu.externaltools.gnu-tools-for-stm32.10.3-2021.10.win32_1.0.0.202111181127\tools\arm-none-eabi\include\c++\10.3.1\bits\stl_tree.h:677:9:std::_Rb_tree<int, std::pair<const int, Delay::delay_details_t>, std::_Select1st<std::pair<const int, Delay::delay_details_t> >, std::less<int>, std::allocator<std::pair<const int, Delay::delay_details_t> > >::_Rb_tree_impl<std::less<int>, true>::~_Rb_tree_impl()	16	static
c:\st\stm32cubeide_1.10.1\stm32cubeide\plugins\com.st.stm32cube.ide.mcu.externaltools.gnu-tools-for-stm32.10.3-2021.10.win32_1.0.0.202111181127\tools\arm-none-eabi\include\c++\10.3.1\bits\stl_tree.h:992:7:std::_Rb_tree<_Key, _Val, _KeyOfValue, _Compare, _Alloc>::~_Rb_tree() [with _Key = int; _Val = std::pair<const int, Delay::delay_details_t>; _KeyOfValue = std::_Select1st<std::pair<const int, Delay::delay_details_t> >; _Compare = std::less<int>; _Alloc = std::allocator<std::pair<const int, Delay::delay_details_t> >]	16	static
c:\st\stm32cubeide_1.10.1\stm32cubeide\plugins\com.st.stm32cube.ide.mcu.externaltools.gnu-tools-for-stm32.10.3-2021.10.win32_1.0.0.202111181127\tools\arm-none-eabi\include\c++\10.3.1\bits\allocator.h:182:7:std::allocator< <template-parameter-1-1> >::~allocator() [with _Tp = std::_Rb_tree_node<std::pair<const int, Delay::delay_details_t> >]	16	static
c:\st\stm32cubeide_1.10.1\stm32cubeide\plugins\com.st.stm32cube.ide.mcu.externaltools.gnu-tools-for-stm32.10.3-2021.10.win32_1.0.0.202111181127\tools\arm-none-eabi\include\c++\10.3.1\bits\stl_tree.h:1915:5:void std::_Rb_tree<_Key, _Val, _KeyOfValue, _Compare, _Alloc>::_M_erase(std::_Rb_tree<_Key, _Val, _KeyOfValue, _Compare, _Alloc>::_Link_type) [with _Key = int; _Val = std::pair<const int, Delay::delay_details_t>; _KeyOfValue = std::_Select1st<std::pair<const int, Delay::delay_details_t> >; _Compare = std::less<int>; _Alloc = std::allocator<std::pair<const int, Delay::delay_details_t> >]	24	static
c:\st\stm32cubeide_1.10.1\stm32cubeide\plugins\com.st.stm32cube.ide.mcu.externaltools.gnu-tools-for-stm32.10.3-2021.10.win32_1.0.0.202111181127\tools\arm-none-eabi\include\c++\10.3.1\bits\stl_tree.h:750:7:std::_Rb_tree_node<_Val>* std::_Rb_tree<_Key, _Val, _KeyOfValue, _Compare, _Alloc>::_M_begin() [with _Key = int; _Val = std::pair<const int, Delay::delay_details_t>; _KeyOfValue = std::_Select1st<std::pair<const int, Delay::delay_details_t> >; _Compare = std::less<int>; _Alloc = std::allocator<std::pair<const int, Delay::delay_details_t> >]	16	static
c:\st\stm32cubeide_1.10.1\stm32cubeide\plugins\com.st.stm32cube.ide.mcu.externaltools.gnu-tools-for-stm32.10.3-2021.10.win32_1.0.0.202111181127\tools\arm-none-eabi\include\c++\10.3.1\ext\new_allocator.h:89:7:__gnu_cxx::new_allocator<_Tp>::~new_allocator() [with _Tp = std::_Rb_tree_node<std::pair<const int, Delay::delay_details_t> >]	16	static
c:\st\stm32cubeide_1.10.1\stm32cubeide\plugins\com.st.stm32cube.ide.mcu.externaltools.gnu-tools-for-stm32.10.3-2021.10.win32_1.0.0.202111181127\tools\arm-none-eabi\include\c++\10.3.1\bits\stl_tree.h:799:7:static std::_Rb_tree_node<_Val>* std::_Rb_tree<_Key, _Val, _KeyOfValue, _Compare, _Alloc>::_S_right(std::_Rb_tree<_Key, _Val, _KeyOfValue, _Compare, _Alloc>::_Base_ptr) [with _Key = int; _Val = std::pair<const int, Delay::delay_details_t>; _KeyOfValue = std::_Select1st<std::pair<const int, Delay::delay_details_t> >; _Compare = std::less<int>; _Alloc = std::allocator<std::pair<const int, Delay::delay_details_t> >]	16	static
c:\st\stm32cubeide_1.10.1\stm32cubeide\plugins\com.st.stm32cube.ide.mcu.externaltools.gnu-tools-for-stm32.10.3-2021.10.win32_1.0.0.202111181127\tools\arm-none-eabi\include\c++\10.3.1\bits\stl_tree.h:791:7:static std::_Rb_tree_node<_Val>* std::_Rb_tree<_Key, _Val, _KeyOfValue, _Compare, _Alloc>::_S_left(std::_Rb_tree<_Key, _Val, _KeyOfValue, _Compare, _Alloc>::_Base_ptr) [with _Key = int; _Val = std::pair<const int, Delay::delay_details_t>; _KeyOfValue = std::_Select1st<std::pair<const int, Delay::delay_details_t> >; _Compare = std::less<int>; _Alloc = std::allocator<std::pair<const int, Delay::delay_details_t> >]	16	static
c:\st\stm32cubeide_1.10.1\stm32cubeide\plugins\com.st.stm32cube.ide.mcu.externaltools.gnu-tools-for-stm32.10.3-2021.10.win32_1.0.0.202111181127\tools\arm-none-eabi\include\c++\10.3.1\bits\stl_tree.h:652:7:void std::_Rb_tree<_Key, _Val, _KeyOfValue, _Compare, _Alloc>::_M_drop_node(std::_Rb_tree<_Key, _Val, _KeyOfValue, _Compare, _Alloc>::_Link_type) [with _Key = int; _Val = std::pair<const int, Delay::delay_details_t>; _KeyOfValue = std::_Select1st<std::pair<const int, Delay::delay_details_t> >; _Compare = std::less<int>; _Alloc = std::allocator<std::pair<const int, Delay::delay_details_t> >]	16	static
c:\st\stm32cubeide_1.10.1\stm32cubeide\plugins\com.st.stm32cube.ide.mcu.externaltools.gnu-tools-for-stm32.10.3-2021.10.win32_1.0.0.202111181127\tools\arm-none-eabi\include\c++\10.3.1\bits\stl_tree.h:641:7:void std::_Rb_tree<_Key, _Val, _KeyOfValue, _Compare, _Alloc>::_M_destroy_node(std::_Rb_tree<_Key, _Val, _KeyOfValue, _Compare, _Alloc>::_Link_type) [with _Key = int; _Val = std::pair<const int, Delay::delay_details_t>; _KeyOfValue = std::_Select1st<std::pair<const int, Delay::delay_details_t> >; _Compare = std::less<int>; _Alloc = std::allocator<std::pair<const int, Delay::delay_details_t> >]	24	static
c:\st\stm32cubeide_1.10.1\stm32cubeide\plugins\com.st.stm32cube.ide.mcu.externaltools.gnu-tools-for-stm32.10.3-2021.10.win32_1.0.0.202111181127\tools\arm-none-eabi\include\c++\10.3.1\bits\stl_tree.h:587:7:void std::_Rb_tree<_Key, _Val, _KeyOfValue, _Compare, _Alloc>::_M_put_node(std::_Rb_tree<_Key, _Val, _KeyOfValue, _Compare, _Alloc>::_Link_type) [with _Key = int; _Val = std::pair<const int, Delay::delay_details_t>; _KeyOfValue = std::_Select1st<std::pair<const int, Delay::delay_details_t> >; _Compare = std::less<int>; _Alloc = std::allocator<std::pair<const int, Delay::delay_details_t> >]	16	static
c:\st\stm32cubeide_1.10.1\stm32cubeide\plugins\com.st.stm32cube.ide.mcu.externaltools.gnu-tools-for-stm32.10.3-2021.10.win32_1.0.0.202111181127\tools\arm-none-eabi\include\c++\10.3.1\bits\stl_tree.h:570:7:std::_Rb_tree<_Key, _Val, _KeyOfValue, _Compare, _Alloc>::_Node_allocator& std::_Rb_tree<_Key, _Val, _KeyOfValue, _Compare, _Alloc>::_M_get_Node_allocator() [with _Key = int; _Val = std::pair<const int, Delay::delay_details_t>; _KeyOfValue = std::_Select1st<std::pair<const int, Delay::delay_details_t> >; _Compare = std::less<int>; _Alloc = std::allocator<std::pair<const int, Delay::delay_details_t> >]	16	static
c:\st\stm32cubeide_1.10.1\stm32cubeide\plugins\com.st.stm32cube.ide.mcu.externaltools.gnu-tools-for-stm32.10.3-2021.10.win32_1.0.0.202111181127\tools\arm-none-eabi\include\c++\10.3.1\bits\stl_tree.h:234:7:_Val* std::_Rb_tree_node<_Val>::_M_valptr() [with _Val = std::pair<const int, Delay::delay_details_t>]	16	static
c:\st\stm32cubeide_1.10.1\stm32cubeide\plugins\com.st.stm32cube.ide.mcu.externaltools.gnu-tools-for-stm32.10.3-2021.10.win32_1.0.0.202111181127\tools\arm-none-eabi\include\c++\10.3.1\bits\alloc_traits.h:527:2:static void std::allocator_traits<std::allocator<_Tp1> >::destroy(std::allocator_traits<std::allocator<_Tp1> >::allocator_type&, _Up*) [with _Up = std::pair<const int, Delay::delay_details_t>; _Tp = std::_Rb_tree_node<std::pair<const int, Delay::delay_details_t> >]	16	static
c:\st\stm32cubeide_1.10.1\stm32cubeide\plugins\com.st.stm32cube.ide.mcu.externaltools.gnu-tools-for-stm32.10.3-2021.10.win32_1.0.0.202111181127\tools\arm-none-eabi\include\c++\10.3.1\bits\alloc_traits.h:491:7:static void std::allocator_traits<std::allocator<_Tp1> >::deallocate(std::allocator_traits<std::allocator<_Tp1> >::allocator_type&, std::allocator_traits<std::allocator<_Tp1> >::pointer, std::allocator_traits<std::allocator<_Tp1> >::size_type) [with _Tp = std::_Rb_tree_node<std::pair<const int, Delay::delay_details_t> >]	24	static
c:\st\stm32cubeide_1.10.1\stm32cubeide\plugins\com.st.stm32cube.ide.mcu.externaltools.gnu-tools-for-stm32.10.3-2021.10.win32_1.0.0.202111181127\tools\arm-none-eabi\include\c++\10.3.1\ext\aligned_buffer.h:72:7:_Tp* __gnu_cxx::__aligned_membuf<_Tp>::_M_ptr() [with _Tp = std::pair<const int, Delay::delay_details_t>]	16	static
c:\st\stm32cubeide_1.10.1\stm32cubeide\plugins\com.st.stm32cube.ide.mcu.externaltools.gnu-tools-for-stm32.10.3-2021.10.win32_1.0.0.202111181127\tools\arm-none-eabi\include\c++\10.3.1\ext\new_allocator.h:160:2:void __gnu_cxx::new_allocator<_Tp>::destroy(_Up*) [with _Up = std::pair<const int, Delay::delay_details_t>; _Tp = std::_Rb_tree_node<std::pair<const int, Delay::delay_details_t> >]	16	static
c:\st\stm32cubeide_1.10.1\stm32cubeide\plugins\com.st.stm32cube.ide.mcu.externaltools.gnu-tools-for-stm32.10.3-2021.10.win32_1.0.0.202111181127\tools\arm-none-eabi\include\c++\10.3.1\ext\new_allocator.h:126:7:void __gnu_cxx::new_allocator<_Tp>::deallocate(_Tp*, __gnu_cxx::new_allocator<_Tp>::size_type) [with _Tp = std::_Rb_tree_node<std::pair<const int, Delay::delay_details_t> >]	24	static
c:\st\stm32cubeide_1.10.1\stm32cubeide\plugins\com.st.stm32cube.ide.mcu.externaltools.gnu-tools-for-stm32.10.3-2021.10.win32_1.0.0.202111181127\tools\arm-none-eabi\include\c++\10.3.1\ext\aligned_buffer.h:64:7:void* __gnu_cxx::__aligned_membuf<_Tp>::_M_addr() [with _Tp = std::pair<const int, Delay::delay_details_t>]	16	static
../Src/main.cpp:121:1:cpp)	8	static
../Src/main.cpp:121:1:cpp)	8	static
